Dec 12 16:23:14 INFO >> Used config: sps_config.yml
Dec 12 16:23:14 INFO >> 2025-08-05
Dec 12 16:23:14 INFO >> Observation: [ActivePointing(ra=161.9205094623068, dec=-2.273092439785834, nchan=1024, ntime=368640, maxdm=127.51388103212119, max_beams=[{'beam': 11, 'utc_start': 1754430388, 'utc_end': 1754430488}, {'beam': 1011, 'utc_start': 1754430488, 'utc_end': 1754430578}, {'beam': 2011, 'utc_start': 1754430578, 'utc_end': 1754430678}, {'beam': 3011, 'utc_start': 1754430678, 'utc_end': 1754430778}], beam_row=11, sub_pointing=0, obs_id='689659f02804be4f16a38f89', pointing_id='67dc9937839f2db50c678d36')]
Dec 12 16:23:14 INFO >> Processing active_pointing 1 of 1
Dec 12 16:23:14 INFO >> Using 8 threads to run the parallel codes
Dec 12 16:23:14 INFO >> Beamform (161.92 -2.27) @ 2025-08-05
Dec 12 16:23:14 INFO >> Transit at: 2025-08-05 21:49:43 UTC
Dec 12 16:23:15 INFO >> Created arrays.
Dec 12 16:23:18 INFO >> Data fraction: 0.5740370008680555
Dec 12 16:23:18 INFO >> Finished loading.
Dec 12 16:23:18 INFO >> Start RFI cleaning. Current Masking fraction = 0.7056
Dec 12 16:23:18 INFO >> Spectra are split into 209 chunks for RFI cleaning.
Dec 12 16:23:19 INFO >> RFI cleaning finished. New masking Fraction: 0.7423
Dec 12 16:23:19 INFO >> Start filling and normalization.
Dec 12 16:23:22 INFO >> Finished filling and normalization.
Dec 12 16:23:22 INFO >> Fraction of completely masked channels: 0.523
Dec 12 16:23:22 INFO >> Updating Database
Dec 12 16:23:22 INFO >> Fraction of data masked : 0.745
Dec 12 16:23:22 INFO >> Beamforming finished.
Dec 12 16:23:22 INFO >> FDMT Dedispersion (161.92 -2.27) @ 2025-08-05
Dec 12 16:23:22 INFO >> Using C++ FDMT
Dec 12 16:23:24 INFO >> FDMT Dedispersion (161.92 -2.27) completed with 1261 DM steps
Dec 12 16:23:25 INFO >> Power Spectrum (161.92 -2.27) @ 2025-08-05
Dec 12 16:23:25 INFO >> Calculating barycentric velocity correction
Dec 12 16:23:25 INFO >> RA (J2000) : 10h47m40.92s
Dec 12 16:23:25 INFO >> Dec (J2000) : -2d16m23.13s
Dec 12 16:23:25 INFO >> Topocentric MJD : 60892.909351328824
Dec 12 16:23:26 INFO >> barycentric velocity (fraction of speed of light) = -4.8843324868874653e-05
Dec 12 16:23:26 INFO >> Running Periodic RFI Cleaning
Dec 12 16:23:26 INFO >> Running static periodic signal filter
Dec 12 16:23:26 INFO >> Gathering known bad frequencies (birdies), barycentering, flagging integer and fractional harmonics
Dec 12 16:23:26 INFO >> Topo. freq. = 1.5625 Hz Bary. freq. = 1.5625763176951075 Hz
Dec 12 16:23:26 INFO >> Num. integer harmonics to flag = 328
Dec 12 16:23:26 INFO >> Num. fractional harmonics to flag = 0
Dec 12 16:23:26 INFO >> Topo. freq. = 25.0 Hz Bary. freq. = 25.00122108312172 Hz
Dec 12 16:23:26 INFO >> Num. integer harmonics to flag = 20
Dec 12 16:23:26 INFO >> Num. fractional harmonics to flag = 0
Dec 12 16:23:26 INFO >> Topo. freq. = 417.252 Hz Bary. freq. = 417.2723799749882 Hz
Dec 12 16:23:26 INFO >> Num. integer harmonics to flag = 1
Dec 12 16:23:26 INFO >> Num. fractional harmonics to flag = 0
Dec 12 16:23:26 INFO >> Topo. freq. = 17.253 Hz Bary. freq. = 17.253842693883964 Hz
Dec 12 16:23:26 INFO >> Num. integer harmonics to flag = 8
Dec 12 16:23:26 INFO >> Num. fractional harmonics to flag = 0
Dec 12 16:23:26 INFO >> Topo. freq. = 317.253 Hz Bary. freq. = 317.2684956913446 Hz
Dec 12 16:23:26 INFO >> Num. integer harmonics to flag = 1
Dec 12 16:23:26 INFO >> Num. fractional harmonics to flag = 0
Dec 12 16:23:26 INFO >> Topo. freq. = 367.253 Hz Bary. freq. = 367.2709378575881 Hz
Dec 12 16:23:26 INFO >> Num. integer harmonics to flag = 1
Dec 12 16:23:26 INFO >> Num. fractional harmonics to flag = 0
Dec 12 16:23:26 INFO >> Topo. freq. = 60 Hz Bary. freq. = 60.00293059949213 Hz
Dec 12 16:23:26 INFO >> Num. integer harmonics to flag = 8
Dec 12 16:23:26 INFO >> Num. fractional harmonics to flag = 0
Dec 12 16:23:26 INFO >> Topo. freq. = 90.92 Hz Bary. freq. = 90.92444083509707 Hz
Dec 12 16:23:26 INFO >> Num. integer harmonics to flag = 4
Dec 12 16:23:26 INFO >> Num. fractional harmonics to flag = 0
Dec 12 16:23:26 INFO >> Topo. freq. = 117.25254201640686 Hz Bary. freq. = 117.25826902040828 Hz
Dec 12 16:23:26 INFO >> Num. integer harmonics to flag = 1
Dec 12 16:23:26 INFO >> Num. fractional harmonics to flag = 0
Dec 12 16:23:26 INFO >> Topo. freq. = 217.252333338062 Hz Bary. freq. = 217.26294466435775 Hz
Dec 12 16:23:26 INFO >> Num. integer harmonics to flag = 1
Dec 12 16:23:26 INFO >> Num. fractional harmonics to flag = 0
Dec 12 16:23:26 INFO >> Topo. freq. = 232.747212673227 Hz Bary. freq. = 232.75858082094794 Hz
Dec 12 16:23:26 INFO >> Num. integer harmonics to flag = 1
Dec 12 16:23:26 INFO >> Num. fractional harmonics to flag = 0
Dec 12 16:23:26 INFO >> Topo. freq. = 267.2527140627305 Hz Bary. freq. = 267.26576757386556 Hz
Dec 12 16:23:26 INFO >> Num. integer harmonics to flag = 1
Dec 12 16:23:26 INFO >> Num. fractional harmonics to flag = 0
Dec 12 16:23:26 INFO >> Topo. freq. = 282.7475933978955 Hz Bary. freq. = 282.76140373045575 Hz
Dec 12 16:23:26 INFO >> Num. integer harmonics to flag = 1
Dec 12 16:23:26 INFO >> Num. fractional harmonics to flag = 0
Dec 12 16:23:26 INFO >> Topo. freq. = 292.25290442506474 Hz Bary. freq. = 292.26717902861947 Hz
Dec 12 16:23:26 INFO >> Num. integer harmonics to flag = 1
Dec 12 16:23:26 INFO >> Num. fractional harmonics to flag = 0
Dec 12 16:23:26 INFO >> Topo. freq. = 342.25231502205133 Hz Bary. freq. = 342.2690317630611 Hz
Dec 12 16:23:26 INFO >> Num. integer harmonics to flag = 1
Dec 12 16:23:26 INFO >> Num. fractional harmonics to flag = 0
Dec 12 16:23:26 INFO >> Topo. freq. = 384.5052560791374 Hz Bary. freq. = 384.52403659427387 Hz
Dec 12 16:23:26 INFO >> Num. integer harmonics to flag = 1
Dec 12 16:23:26 INFO >> Num. fractional harmonics to flag = 0
Dec 12 16:23:26 INFO >> Topo. freq. = 392.2526957467199 Hz Bary. freq. = 392.27185467256896 Hz
Dec 12 16:23:26 INFO >> Num. integer harmonics to flag = 1
Dec 12 16:23:26 INFO >> Num. fractional harmonics to flag = 0
Dec 12 16:23:26 INFO >> Topo. freq. = 467.25229670604074 Hz Bary. freq. = 467.2751188617645 Hz
Dec 12 16:23:26 INFO >> Num. integer harmonics to flag = 1
Dec 12 16:23:26 INFO >> Num. fractional harmonics to flag = 0
Dec 12 16:23:26 INFO >> Topo. freq. = 473.5028293604652 Hz Bary. freq. = 473.525956812986 Hz
Dec 12 16:23:26 INFO >> Num. integer harmonics to flag = 1
Dec 12 16:23:26 INFO >> Num. fractional harmonics to flag = 0
Dec 12 16:23:26 INFO >> Topo. freq. = 492.252487068375 Hz Bary. freq. = 492.2765303165184 Hz
Dec 12 16:23:26 INFO >> Num. integer harmonics to flag = 1
Dec 12 16:23:26 INFO >> Num. fractional harmonics to flag = 0
Dec 12 16:23:26 INFO >> Topo. freq. = 26.667 Hz Bary. freq. = 26.66830250494428 Hz
Dec 12 16:23:26 INFO >> Num. integer harmonics to flag = 2
Dec 12 16:23:26 INFO >> Num. fractional harmonics to flag = 0
Dec 12 16:23:26 INFO >> Topo. freq. = 354.75241020321846 Hz Bary. freq. = 354.76973749043805 Hz
Dec 12 16:23:26 INFO >> Num. integer harmonics to flag = 1
Dec 12 16:23:26 INFO >> Num. fractional harmonics to flag = 0
Dec 12 16:23:26 INFO >> Topo. freq. = 382.74738471955067 Hz Bary. freq. = 382.76607937440525 Hz
Dec 12 16:23:26 INFO >> Num. integer harmonics to flag = 1
Dec 12 16:23:26 INFO >> Num. fractional harmonics to flag = 0
Dec 12 16:23:26 INFO >> Fraction of FFT bins removed = 0.0219517 (2.19517%)
Dec 12 16:23:26 INFO >> Running dynamic periodic signal filter
Dec 12 16:23:26 INFO >> Zero-padding time series to size = 1048576
Dec 12 16:23:26 INFO >> The percentage of data flagged is 3.087514871852187
Dec 12 16:23:26 INFO >> Birdie count: 572; Strong birdies: 1
Dec 12 16:23:26 INFO >> Updating birdie information in database.
Dec 12 16:23:26 INFO >> Saving zero-DM medians to /home/squillace/Transmissivity/results/2025/08/05/161.92_-2.27/zero_dm_medians.npz.
Dec 12 16:23:26 INFO >> Retrieving common birdies for observation and its surroundings from database
Dec 12 16:23:26 INFO >> There are no birdies to compare with the observation 689659f02804be4f16a38f89. Returning the birdies left and right frequencies of the current observation
Dec 12 16:23:27 INFO >> The final common birdies list masks 0.030899 of the data
Dec 12 16:23:27 INFO >> Number of FFT bins flagged = 22971 (0.043814 of data)
Dec 12 16:23:27 INFO >> Number of threads used for power spectra creation: 8
Dec 12 16:23:27 INFO >> Number of dm trials in single multi processing job: 10
Dec 12 16:23:37 INFO >> Power spectra creation successful.
Dec 12 16:23:37 INFO >> Wrote out birdie info to /home/squillace/Transmissivity/results/2025/08/05/161.92_-2.27/birdie_info.npz
Dec 12 16:23:37 INFO >> Injecting at:
Dec 12 16:23:37 INFO >> DM: 30.21
Dec 12 16:23:37 INFO >> frequency: 0.4252
Dec 12 16:23:37 INFO >> Using flux as input quantity.
Dec 12 16:23:37 INFO >> Flux = 4.3 mJy.
Dec 12 16:23:37 INFO >> Injecting 32 harmonics.
Dec 12 16:23:37 INFO >> Starting DM: 0.0
Dec 12 16:23:37 INFO >> Stopping DM: 127.50939571499156
Dec 12 16:23:38 INFO >> Expected detection at 161.12 sigma with 32 harmonics.
Dec 12 16:23:38 INFO >> Without spectra effects detection would be at 166.50 sigma with 32 harmonics.
Dec 12 16:23:39 INFO >> Injecting at:
Dec 12 16:23:39 INFO >> DM: 234.82
Dec 12 16:23:39 INFO >> frequency: 0.4737
Dec 12 16:23:39 INFO >> Using flux as input quantity.
Dec 12 16:23:39 INFO >> Flux = 11.6 mJy.
Dec 12 16:23:39 INFO >> Injecting 32 harmonics.
Dec 12 16:23:39 INFO >> Starting DM: 17.507242427534553
Dec 12 16:23:39 INFO >> Stopping DM: 127.50939571499156
Dec 12 16:23:40 INFO >> Expected detection at 38.70 sigma with 32 harmonics.
Dec 12 16:23:40 INFO >> Without spectra effects detection would be at 38.62 sigma with 32 harmonics.
Dec 12 16:23:41 INFO >> Start searching 1261 dm trials using 32 harmonics.
Dec 12 16:23:41 INFO >> Number of dm trials in single multi processing job: 10
Dec 12 16:24:42 INFO >> Total number of detections=648700
Dec 12 16:24:42 INFO >> Clustering the detections
Dec 12 16:24:42 INFO >> Starting clustering
Dec 12 16:24:45 INFO >> Rogue harmonic power filter reduced detections from 648700 to 282949
Dec 12 16:24:46 INFO >> Filtering out duplicate freq,dm detections at multiple nharms removes 77685 detections
Dec 12 16:24:46 INFO >> Duplicate freq,dm filter reduced detections to 205264
Dec 12 16:24:46 INFO >> Running dbscan filter
Dec 12 16:25:00 INFO >> Dbscan filter removed 0 detections in low DM clusters.
Dec 12 16:25:00 INFO >> Dbscan filter removed 79676 detections in broad DM clusters.
Dec 12 16:25:00 INFO >> Filtered 79676 from low or broad clusters.
Dec 12 16:25:00 INFO >> Dbscan filter removed additonal 301 detection with same frequencies as already filtered DM clusters.
Dec 12 16:25:00 INFO >> Number of detections over threshold sigma (5.0): 125287
Dec 12 16:25:01 INFO >> Grouping duplicate frequencies together first
Dec 12 16:25:01 INFO >> Grouping duplicate frequencies removed 123342 detections from the harmonic metric computation
Dec 12 16:25:01 INFO >> Starting freq-DM distance metric computation
Dec 12 16:25:04 INFO >> Finished freq-DM distance metric computation
Dec 12 16:25:05 INFO >> Largest group size for metric computation is 1625
Dec 12 16:25:05 INFO >> Starting harmonic distance metric computation
